[36mvite v8.0.0 [32mbuilding client environment for production...[36m[39m
[2Ktransforming...✓ 2273 modules transformed.
[31m✗[39m Build failed in 649ms
[31merror during build:
[31mBuild failed with 1 error:

[plugin @tailwindcss/vite:generate:build] E:/interview/pythonfullstack/frontend/src/index.css
Error: Cannot apply unknown utility class `!important`
    at onInvalidCandidate (file:///E:/interview/pythonfullstack/frontend/node_modules/tailwindcss/dist/chunk-L5IEUH3R.mjs:21:1511)
    at $e (file:///E:/interview/pythonfullstack/frontend/node_modules/tailwindcss/dist/chunk-L5IEUH3R.mjs:16:36740)
    at file:///E:/interview/pythonfullstack/frontend/node_modules/tailwindcss/dist/chunk-L5IEUH3R.mjs:21:355
    at Ar (file:///E:/interview/pythonfullstack/frontend/node_modules/tailwindcss/dist/chunk-L5IEUH3R.mjs:3:1733)
    at I (file:///E:/interview/pythonfullstack/frontend/node_modules/tailwindcss/dist/chunk-L5IEUH3R.mjs:3:1377)
    at Ce (file:///E:/interview/pythonfullstack/frontend/node_modules/tailwindcss/dist/chunk-L5IEUH3R.mjs:21:172)
    at Gi (file:///E:/interview/pythonfullstack/frontend/node_modules/tailwindcss/dist/chunk-L5IEUH3R.mjs:38:294)
    at async ao (file:///E:/interview/pythonfullstack/frontend/node_modules/tailwindcss/dist/chunk-L5IEUH3R.mjs:38:631)
    at async vf (file:///E:/interview/pythonfullstack/frontend/node_modules/tailwindcss/dist/chunk-L5IEUH3R.mjs:38:1406)
    at async uu (file:///E:/interview/pythonfullstack/frontend/node_modules/@tailwindcss/node/dist/index.mjs:10:3458)[31m
    at aggregateBindingErrorsIntoJsError (file:///E:/interview/pythonfullstack/frontend/node_modules/rolldown/dist/shared/error-CP8smW_P.mjs:48:18)
    at unwrapBindingResult (file:///E:/interview/pythonfullstack/frontend/node_modules/rolldown/dist/shared/error-CP8smW_P.mjs:18:128)
    at #build (file:///E:/interview/pythonfullstack/frontend/node_modules/rolldown/dist/shared/rolldown-build-4YnQkA76.mjs:3311:34)
    at async buildEnvironment (file:///E:/interview/pythonfullstack/frontend/node_modules/vite/dist/node/chunks/node.js:32794:64)
    at async Object.build (file:///E:/interview/pythonfullstack/frontend/node_modules/vite/dist/node/chunks/node.js:33216:19)
    at async Object.buildApp (file:///E:/interview/pythonfullstack/frontend/node_modules/vite/dist/node/chunks/node.js:33213:153)
    at async CAC.<anonymous> (file:///E:/interview/pythonfullstack/frontend/node_modules/vite/dist/node/cli.js:778:3) {
  errors: [Getter/Setter]
}[39m
